exports[`test Image check snapshot 1`] = `
<div
  style={
    Object {
      "backgroundImage": "url(\"http://www.facebook.com\")",
      "backgroundPosition": "center center",
      "backgroundRepeat": "no-repeat",
      "backgroundSize": "contain",
      "height": 100,
      "width": 100,
    }
  } />
`;
